0 0 100 100 2 0
0 1 100 120 2 0
0 2 100 140 2 0
0 3 700 500 0 2
0 4 720 500 0 2
0 5 740 500 0 2
5 0 110 100 2 0
5 1 110 120 2 0
5 2 110 140 2 0
5 3 700 510 0 2
5 4 720 510 0 2
5 5 740 510 0 2
10 0 120 100 2 0
10 1 120 120 2 0
10 2 120 140 2 0
10 3 700 520 0 2
10 4 720 520 0 2
10 5 740 520 0 2
15 0 130 100 2 0
15 1 130 120 2 0
15 2 130 140 2 0
15 3 700 530 0 2
15 4 720 530 0 2
15 5 740 530 0 2
20 0 140 100 2 0
20 1 140 120 2 0
20 2 140 140 2 0
20 3 700 540 0 2
20 4 720 540 0 2
20 5 740 540 0 2
25 0 150 100 2 0
25 1 150 120 2 0
25 2 150 140 2 0
25 3 700 550 0 2
25 4 720 550 0 2
25 5 740 550 0 2
30 0 160 100 2 0
30 1 160 120 2 0
30 2 160 140 2 0
30 3 700 560 0 2
30 4 720 560 0 2
30 5 740 560 0 2
35 0 170 100 2 0
35 1 170 120 2 0
35 2 170 140 2 0
35 3 700 570 0 2
35 4 720 570 0 2
35 5 740 570 0 2
40 0 180 100 2 0
40 1 180 120 2 0
40 2 180 140 2 0
40 3 700 580 0 2
40 4 720 580 0 2
40 5 740 580 0 2
45 0 190 100 2 0
45 1 190 120 2 0
45 2 190 140 2 0
45 3 700 590 0 2
45 4 720 590 0 2
45 5 740 590 0 2
50 0 200 100 2 0
50 1 200 120 2 0
50 2 200 140 2 0
50 3 700 600 0 2
50 4 720 600 0 2
50 5 740 600 0 2
55 0 210 100 2 0
55 1 210 120 2 0
55 2 210 140 2 0
55 3 700 610 0 2
55 4 720 610 0 2
55 5 740 610 0 2
60 0 220 100 2 0
60 1 220 120 2 0
60 2 220 140 2 0
60 3 700 620 0 2
60 4 720 620 0 2
60 5 740 620 0 2
65 0 230 100 2 0
65 1 230 120 2 0
65 2 230 140 2 0
65 3 700 630 0 2
65 4 720 630 0 2
65 5 740 630 0 2
70 0 240 100 2 0
70 1 240 120 2 0
70 2 240 140 2 0
70 3 700 640 0 2
70 4 720 640 0 2
70 5 740 640 0 2
75 0 250 100 2 0
75 1 250 120 2 0
75 2 250 140 2 0
75 3 700 650 0 2
75 4 720 650 0 2
75 5 740 650 0 2
80 0 260 100 2 0
80 1 260 120 2 0
80 2 260 140 2 0
80 3 700 660 0 2
80 4 720 660 0 2
80 5 740 660 0 2
85 0 270 100 2 0
85 1 270 120 2 0
85 2 270 140 2 0
85 3 700 670 0 2
85 4 720 670 0 2
85 5 740 670 0 2
90 0 280 100 2 0
90 1 280 120 2 0
90 2 280 140 2 0
90 3 700 680 0 2
90 4 720 680 0 2
90 5 740 680 0 2
95 0 290 100 2 0
95 1 290 120 2 0
95 2 290 140 2 0
95 3 700 690 0 2
95 4 720 690 0 2
95 5 740 690 0 2
100 0 300 100 2 0
100 1 300 120 2 0
100 2 300 140 0 3.6
100 3 700 700 0 2
100 4 720 700 0 2
100 5 740 700 0 2
105 0 310 100 2 0
105 1 310 120 2 0
105 2 300 158 0 3.6
105 3 700 710 0 2
105 4 720 710 0 2
105 5 740 710 0 2
110 0 320 100 2 0
110 1 320 120 2 0
110 2 300 176 0 3.6
110 3 700 720 0 2
110 4 720 720 0 2
110 5 740 720 0 2
115 0 330 100 2 0
115 1 330 120 2 0
115 2 300 194 0 3.6
115 3 700 730 0 2
115 4 720 730 0 2
115 5 740 730 0 2
120 0 340 100 2 0
120 1 340 120 2 0
120 2 300 212 0 3.6
120 3 700 740 0 2
120 4 720 740 0 2
120 5 740 740 0 2
125 0 350 100 2 0
125 1 350 120 2 0
125 2 300 230 0 3.6
125 3 700 750 0 2
125 4 720 750 0 2
125 5 740 750 0 2
130 0 360 100 2 0
130 1 360 120 2 0
130 2 300 248 0 3.6
130 3 700 760 0 2
130 4 720 760 0 2
130 5 740 760 0 2
135 0 370 100 2 0
135 1 370 120 2 0
135 2 300 266 0 3.6
135 3 700 770 0 2
135 4 720 770 0 2
135 5 740 770 0 2
140 0 380 100 2 0
140 1 380 120 2 0
140 2 300 284 0 3.6
140 3 700 780 0 2
140 4 720 780 0 2
140 5 740 780 0 2
145 0 390 100 2 0
145 1 390 120 2 0
145 2 300 302 0 3.6
145 3 700 790 0 2
145 4 720 790 0 2
145 5 740 790 0 2
150 0 400 100 2 0
150 1 400 120 2 0
150 2 300 320 0 3.6
150 3 700 800 0 2
150 4 720 800 0 2
150 5 740 800 0 2
155 0 410 100 2 0
155 1 410 120 2 0
155 2 300 338 0 3.6
155 3 700 810 0 2
155 4 720 810 0 2
155 5 740 810 0 2
160 0 420 100 2 0
160 1 420 120 2 0
160 2 300 356 0 3.6
160 3 700 820 0 2
160 4 720 820 0 2
160 5 740 820 0 2
165 0 430 100 2 0
165 1 430 120 2 0
165 2 300 374 0 3.6
165 3 700 830 0 2
165 4 720 830 0 2
165 5 740 830 0 2
170 0 440 100 2 0
170 1 440 120 2 0
170 2 300 392 0 3.6
170 3 700 840 0 2
170 4 720 840 0 2
170 5 740 840 0 2
175 0 450 100 2 0
175 1 450 120 2 0
175 2 300 410 0 3.6
175 3 700 850 0 2
175 4 720 850 0 2
175 5 740 850 0 2
180 0 460 100 2 0
180 1 460 120 2 0
180 2 300 428 0 3.6
180 3 700 860 0 2
180 4 720 860 0 2
180 5 740 860 0 2
185 0 470 100 2 0
185 1 470 120 2 0
185 2 300 446 0 3.6
185 3 700 870 0 2
185 4 720 870 0 2
185 5 740 870 0 2
190 0 480 100 2 0
190 1 480 120 2 0
190 2 300 464 0 3.6
190 3 700 880 0 2
190 4 720 880 0 2
190 5 740 880 0 2
195 0 490 100 2 0
195 1 490 120 2 0
195 2 300 482 0 3.6
195 3 700 890 0 2
195 4 720 890 0 2
195 5 740 890 0 2
