0 0 1
0 0 2
0 1 2
0 3 4
0 3 5
0 4 5
5 0 1
5 0 2
5 1 2
5 3 4
5 3 5
5 4 5
10 0 1
10 0 2
10 1 2
10 3 4
10 3 5
10 4 5
15 0 1
15 0 2
15 1 2
15 3 4
15 3 5
15 4 5
20 0 1
20 0 2
20 1 2
20 3 4
20 3 5
20 4 5
25 0 1
25 0 2
25 1 2
25 3 4
25 3 5
25 4 5
30 0 1
30 0 2
30 1 2
30 3 4
30 3 5
30 4 5
35 0 1
35 0 2
35 1 2
35 3 4
35 3 5
35 4 5
40 0 1
40 0 2
40 1 2
40 3 4
40 3 5
40 4 5
45 0 1
45 0 2
45 1 2
45 3 4
45 3 5
45 4 5
50 0 1
50 0 2
50 1 2
50 3 4
50 3 5
50 4 5
55 0 1
55 0 2
55 1 2
55 3 4
55 3 5
55 4 5
60 0 1
60 0 2
60 1 2
60 3 4
60 3 5
60 4 5
65 0 1
65 0 2
65 1 2
65 3 4
65 3 5
65 4 5
70 0 1
70 0 2
70 1 2
70 3 4
70 3 5
70 4 5
75 0 1
75 0 2
75 1 2
75 3 4
75 3 5
75 4 5
80 0 1
80 0 2
80 1 2
80 3 4
80 3 5
80 4 5
85 0 1
85 0 2
85 1 2
85 3 4
85 3 5
85 4 5
90 0 1
90 0 2
90 1 2
90 3 4
90 3 5
90 4 5
95 0 1
95 0 2
95 1 2
95 3 4
95 3 5
95 4 5
100 0 1
100 0 2
100 1 2
100 3 4
100 3 5
100 4 5
105 0 1
105 0 2
105 1 2
105 3 4
105 3 5
105 4 5
110 0 1
110 0 2
110 1 2
110 3 4
110 3 5
110 4 5
115 0 1
115 0 2
115 1 2
115 3 4
115 3 5
115 4 5
120 0 1
120 3 4
120 3 5
120 4 5
125 0 1
125 3 4
125 3 5
125 4 5
130 0 1
130 3 4
130 3 5
130 4 5
135 0 1
135 3 4
135 3 5
135 4 5
140 0 1
140 3 4
140 3 5
140 4 5
145 0 1
145 3 4
145 3 5
145 4 5
150 0 1
150 3 4
150 3 5
150 4 5
155 0 1
155 3 4
155 3 5
155 4 5
160 0 1
160 3 4
160 3 5
160 4 5
165 0 1
165 3 4
165 3 5
165 4 5
170 0 1
170 3 4
170 3 5
170 4 5
175 0 1
175 3 4
175 3 5
175 4 5
180 0 1
180 3 4
180 3 5
180 4 5
185 0 1
185 3 4
185 3 5
185 4 5
190 0 1
190 3 4
190 3 5
190 4 5
195 0 1
195 3 4
195 3 5
195 4 5
