0 0 1
0 1 1
0 2 2
0 3 0
0 4 0
0 5 0
5 0 1
5 1 1
5 2 2
5 3 0
5 4 0
5 5 0
10 0 2
10 1 1
10 2 1
10 3 0
10 4 0
10 5 0
15 0 2
15 1 1
15 2 1
15 3 0
15 4 0
15 5 0
20 0 1
20 1 1
20 2 2
20 3 0
20 4 0
20 5 0
25 0 1
25 1 1
25 2 2
25 3 0
25 4 0
25 5 0
30 0 1
30 1 1
30 2 2
30 3 0
30 4 0
30 5 0
35 0 1
35 1 1
35 2 2
35 3 0
35 4 0
35 5 0
40 0 2
40 1 1
40 2 1
40 3 0
40 4 0
40 5 0
45 0 1
45 1 1
45 2 2
45 3 0
45 4 0
45 5 0
50 0 1
50 1 1
50 2 2
50 3 0
50 4 0
50 5 0
55 0 1
55 1 1
55 2 2
55 3 0
55 4 0
55 5 0
60 0 1
60 1 1
60 2 2
60 3 0
60 4 0
60 5 0
65 0 1
65 1 1
65 2 2
65 3 0
65 4 0
65 5 0
70 0 1
70 1 1
70 2 2
70 3 0
70 4 0
70 5 0
75 0 1
75 1 1
75 2 2
75 3 0
75 4 0
75 5 0
80 0 1
80 1 1
80 2 2
80 3 0
80 4 0
80 5 0
85 0 1
85 1 1
85 2 2
85 3 0
85 4 0
85 5 0
90 0 1
90 1 1
90 2 2
90 3 0
90 4 0
90 5 0
95 0 1
95 1 1
95 2 2
95 3 0
95 4 0
95 5 0
100 0 1
100 1 1
100 2 2
100 3 0
100 4 0
100 5 0
105 0 1
105 1 1
105 2 2
105 3 0
105 4 0
105 5 0
110 0 1
110 1 1
110 2 2
110 3 0
110 4 0
110 5 0
115 0 1
115 1 1
115 2 2
115 3 0
115 4 0
115 5 0
120 0 2
120 1 2
120 2 1
120 3 0
120 4 0
120 5 0
125 0 2
125 1 2
125 2 1
125 3 0
125 4 0
125 5 0
130 0 2
130 1 2
130 2 1
130 3 0
130 4 0
130 5 0
135 0 2
135 1 2
135 2 1
135 3 0
135 4 0
135 5 0
140 0 2
140 1 2
140 2 1
140 3 0
140 4 0
140 5 0
145 0 2
145 1 2
145 2 1
145 3 0
145 4 0
145 5 0
150 0 2
150 1 2
150 2 1
150 3 0
150 4 0
150 5 0
155 0 2
155 1 2
155 2 1
155 3 0
155 4 0
155 5 0
160 0 2
160 1 2
160 2 1
160 3 0
160 4 0
160 5 0
165 0 2
165 1 2
165 2 1
165 3 0
165 4 0
165 5 0
170 0 2
170 1 2
170 2 1
170 3 0
170 4 0
170 5 0
175 0 2
175 1 2
175 2 1
175 3 0
175 4 0
175 5 0
180 0 2
180 1 2
180 2 1
180 3 0
180 4 0
180 5 0
185 0 2
185 1 2
185 2 1
185 3 0
185 4 0
185 5 0
190 0 2
190 1 2
190 2 1
190 3 0
190 4 0
190 5 0
195 0 2
195 1 2
195 2 1
195 3 0
195 4 0
195 5 0
